// Jest Snapshot v1, https://goo.gl/fbAQLP

exports[`accepts components 1`] = `<h1 />`;

exports[`accepts components 2`] = `<h2 />`;

exports[`is props changes tag 1`] = `<h1 />`;

exports[`renders 1`] = `<div />`;
